dasdasdasd
dasdasd
da|321

hgjhj
hjhg







jghj
